// Jest Snapshot v1, https://goo.gl/fbAQLP

exports[`LoginButton Method Test: Checks the onClick Method and checks to see if the image was updated 1`] = `
<View
  style={
    Object {
      "alignSelf": "center",
      "flex": 2,
      "justifyContent": "center",
      "minHeight": 50,
      "paddingHorizontal": 10,
    }
  }
>
  <View
    accessible={true}
    focusable={true}
    isTVSelectable={true}
    onClick={[Function]}
    onResponderGrant={[Function]}
    onResponderMove={[Function]}
    onResponderRelease={[Function]}
    onResponderTerminate={[Function]}
    onResponderTerminationRequest={[Function]}
    onStartShouldSetResponder={[Function]}
    style={
      Object {
        "alignItems": "center",
        "backgroundColor": "transparent",
        "borderColor": "#40D7A7",
        "borderRadius": 8,
        "borderWidth": 1,
        "flexDirection": "row",
        "maxWidth": 300,
        "minWidth": 200,
        "opacity": 1,
        "padding": 10,
      }
    }
    testID="click-login-button"
  >
    <Image
      source={1}
      style={
        Object {
          "height": 40,
          "resizeMode": "contain",
          "width": 40,
        }
      }
    />
    <Text
      style={
        Object {
          "alignSelf": "center",
          "color": "#40D7A7",
          "fontSize": 15,
        }
      }
    >
      Test
    </Text>
  </View>
</View>
`;
