// Jest Snapshot v1, https://goo.gl/fbAQLP

exports[`ThinButton Method onClick Test 1`] = `
<View
  style={
    Object {
      "alignSelf": "center",
      "flex": 1,
      "justifyContent": "center",
      "minHeight": 50,
      "paddingHorizontal": 10,
    }
  }
>
  <View
    accessible={true}
    focusable={true}
    isTVSelectable={true}
    onClick={[Function]}
    onResponderGrant={[Function]}
    onResponderMove={[Function]}
    onResponderRelease={[Function]}
    onResponderTerminate={[Function]}
    onResponderTerminationRequest={[Function]}
    onStartShouldSetResponder={[Function]}
    style={
      Object {
        "alignItems": "center",
        "backgroundColor": "transparent",
        "borderColor": "#B3C0C2",
        "borderRadius": 8,
        "borderWidth": 1,
        "maxWidth": 300,
        "minWidth": 200,
        "opacity": 1,
        "padding": 10,
      }
    }
    testID="click-thin-button"
  >
    <Text
      style={
        Object {
          "alignSelf": "center",
          "color": "#B3C0C2",
          "fontSize": 16,
        }
      }
    >
      Test
    </Text>
  </View>
</View>
`;
